[NOTE] Dependencies on Sui, MoveStdlib, Bridge, DeepBook, and SuiSystem are automatically added, but this feature is disabled for your package because you have explicitly included dependencies on Sui. Consider removing these dependencies from `Move.toml`.
INCLUDING DEPENDENCY MoveStdlib
INCLUDING DEPENDENCY Sui
INCLUDING DEPENDENCY flowx_clmm
BUILDING migrate_fun_sui
[0m[1m[38;5;11mwarning[W02021][0m[1m: duplicate alias[0m
  [0m[34m┌─[0m ./tests/migration_tests.move:6:23
  [0m[34m│[0m
[0m[34m6[0m [0m[34m│[0m     use sui::object::{[0m[33mSelf[0m, UID};
  [0m[34m│[0m                       [0m[33m^^^^[0m [0m[33mUnnecessary alias 'object' for module 'sui::object'. This alias is provided by default[0m
  [0m[34m│[0m
  [0m[34m=[0m This warning can be suppressed with '#[allow(duplicate_alias)]' applied to the 'module' or module member ('const', 'fun', or 'struct')

[0m[1m[38;5;11mwarning[W09001][0m[1m: unused alias[0m
  [0m[34m┌─[0m ./tests/migration_tests.move:6:23
  [0m[34m│[0m
[0m[34m6[0m [0m[34m│[0m     use sui::object::{[0m[33mSelf[0m, UID};
  [0m[34m│[0m                       [0m[33m^^^^[0m [0m[33mUnused 'use' of alias 'object'. Consider removing it[0m
  [0m[34m│[0m
  [0m[34m=[0m This warning can be suppressed with '#[allow(unused_use)]' applied to the 'module' or module member ('const', 'fun', or 'struct')

[0m[1m[38;5;11mwarning[W02021][0m[1m: duplicate alias[0m
  [0m[34m┌─[0m ./tests/migration_tests.move:6:29
  [0m[34m│[0m
[0m[34m6[0m [0m[34m│[0m     use sui::object::{Self, [0m[33mUID[0m};
  [0m[34m│[0m                             [0m[33m^^^[0m [0m[33mUnnecessary alias 'UID' for module member 'sui::object::UID'. This alias is provided by default[0m
  [0m[34m│[0m
  [0m[34m=[0m This warning can be suppressed with '#[allow(duplicate_alias)]' applied to the 'module' or module member ('const', 'fun', or 'struct')

[0m[1m[38;5;11mwarning[W09001][0m[1m: unused alias[0m
  [0m[34m┌─[0m ./tests/migration_tests.move:6:29
  [0m[34m│[0m
[0m[34m6[0m [0m[34m│[0m     use sui::object::{Self, [0m[33mUID[0m};
  [0m[34m│[0m                             [0m[33m^^^[0m [0m[33mUnused 'use' of alias 'UID'. Consider removing it[0m
  [0m[34m│[0m
  [0m[34m=[0m This warning can be suppressed with '#[allow(unused_use)]' applied to the 'module' or module member ('const', 'fun', or 'struct')

[0m[1m[38;5;11mwarning[W02021][0m[1m: duplicate alias[0m
  [0m[34m┌─[0m ./tests/migration_tests.move:7:14
  [0m[34m│[0m
[0m[34m7[0m [0m[34m│[0m     use sui::[0m[33mtx_context[0m;
  [0m[34m│[0m              [0m[33m^^^^^^^^^^[0m [0m[33mUnnecessary alias 'tx_context' for module 'sui::tx_context'. This alias is provided by default[0m
  [0m[34m│[0m
  [0m[34m=[0m This warning can be suppressed with '#[allow(duplicate_alias)]' applied to the 'module' or module member ('const', 'fun', or 'struct')

[0m[1m[38;5;11mwarning[W09001][0m[1m: unused alias[0m
  [0m[34m┌─[0m ./tests/migration_tests.move:7:14
  [0m[34m│[0m
[0m[34m7[0m [0m[34m│[0m     use sui::[0m[33mtx_context[0m;
  [0m[34m│[0m              [0m[33m^^^^^^^^^^[0m [0m[33mUnused 'use' of alias 'tx_context'. Consider removing it[0m
  [0m[34m│[0m
  [0m[34m=[0m This warning can be suppressed with '#[allow(unused_use)]' applied to the 'module' or module member ('const', 'fun', or 'struct')

[0m[1m[38;5;11mwarning[W02021][0m[1m: duplicate alias[0m
  [0m[34m┌─[0m ./tests/migration_tests.move:8:14
  [0m[34m│[0m
[0m[34m8[0m [0m[34m│[0m     use std::[0m[33mvector[0m;
  [0m[34m│[0m              [0m[33m^^^^^^[0m [0m[33mUnnecessary alias 'vector' for module 'std::vector'. This alias is provided by default[0m
  [0m[34m│[0m
  [0m[34m=[0m This warning can be suppressed with '#[allow(duplicate_alias)]' applied to the 'module' or module member ('const', 'fun', or 'struct')

[0m[1m[38;5;11mwarning[W02021][0m[1m: duplicate alias[0m
  [0m[34m┌─[0m ./tests/migration_tests.move:9:14
  [0m[34m│[0m
[0m[34m9[0m [0m[34m│[0m     use sui::[0m[33mtransfer[0m;
  [0m[34m│[0m              [0m[33m^^^^^^^^[0m [0m[33mUnnecessary alias 'transfer' for module 'sui::transfer'. This alias is provided by default[0m
  [0m[34m│[0m
  [0m[34m=[0m This warning can be suppressed with '#[allow(duplicate_alias)]' applied to the 'module' or module member ('const', 'fun', or 'struct')

[0m[1m[38;5;11mwarning[W09001][0m[1m: unused alias[0m
   [0m[34m┌─[0m ./tests/migration_tests.move:12:34
   [0m[34m│[0m
[0m[34m12[0m [0m[34m│[0m     use migrate_fun_sui::vault::{[0m[33mSelf[0m, Vault};
   [0m[34m│[0m                                  [0m[33m^^^^[0m [0m[33mUnused 'use' of alias 'vault'. Consider removing it[0m
   [0m[34m│[0m
   [0m[34m=[0m This warning can be suppressed with '#[allow(unused_use)]' applied to the 'module' or module member ('const', 'fun', or 'struct')

[0m[1m[38;5;11mwarning[W09011][0m[1m: unused constant[0m
   [0m[34m┌─[0m ./tests/migration_tests.move:26:11
   [0m[34m│[0m
[0m[34m26[0m [0m[34m│[0m     const [0m[33mUSER2[0m: address = @0x2;
   [0m[34m│[0m           [0m[33m^^^^^[0m [0m[33mThe constant 'USER2' is never used. Consider removing it.[0m
   [0m[34m│[0m
   [0m[34m=[0m This warning can be suppressed with '#[allow(unused_const)]' applied to the 'module' or module member ('const', 'fun', or 'struct')

[0m[1m[38;5;9merror[E04001][0m[1m: restricted visibility[0m
   [0m[34m┌─[0m ./tests/migration_tests.move:58:21
   [0m[34m│[0m
[0m[34m58[0m [0m[34m│[0m         data.append([0m[31mmigrate_fun_sui::snapshot::u64_to_bytes(amount)[0m);
   [0m[34m│[0m                     [0m[31m^^^^^^^^^^^^^^^^^^^^^^^^^^^^^^^^^^^^^^^^^^^^^^^[0m [0m[31mInvalid call to internal function 'migrate_fun_sui::snapshot::u64_to_bytes'[0m
   [0m[34m│[0m
   [0m[34m┌─[0m ./sources/snapshot.move:80:9
   [0m[34m│[0m
[0m[34m80[0m [0m[34m│[0m     fun u64_to_bytes(v: u64): vector<u8> {
   [0m[34m│[0m         [0m[34m------------[0m [0m[34mThis function is internal to its module. Only 'public' and 'public(package)' functions can be called outside of their module[0m

[0m[1m[38;5;9merror[E04007][0m[1m: incompatible types[0m
   [0m[34m┌─[0m ./tests/migration_tests.move:59:9
   [0m[34m│[0m
[0m[34m59[0m [0m[34m│[0m         [0m[31mstd::hash::sha3_256(&data)[0m
   [0m[34m│[0m         [0m[31m^^^^^^^^^^^^^^^^^^^^^^^^^^[0m
   [0m[34m│[0m         [0m[31m│[0m                   [0m[34m│[0m
   [0m[34m│[0m         [0m[31m│[0m                   [0m[34mGiven: '&vector<u8>'[0m
   [0m[34m│[0m         [0m[31mInvalid call of 'std::hash::sha3_256'. Invalid argument for parameter 'data'[0m
   [0m[34m│[0m
   [0m[34m┌─[0m /Users/duong/.move/git/https___github_com_MystenLabs_sui_git_caeb21b13ef6e26cd8c5e48be520bcf0598d48c3/crates/sui-framework/packages/move-stdlib/sources/hash.move:11:34
   [0m[34m│[0m
[0m[34m11[0m [0m[34m│[0m public native fun sha3_256(data: vector<u8>): vector<u8>;
   [0m[34m│[0m                                  [0m[34m----------[0m [0m[34mExpected: 'vector<u8>'[0m

[0m[1m[38;5;11mwarning[W09001][0m[1m: unused alias[0m
  [0m[34m┌─[0m ./sources/mock_new_token.move:3:14
  [0m[34m│[0m
[0m[34m3[0m [0m[34m│[0m     use sui::[0m[33murl[0m;
  [0m[34m│[0m              [0m[33m^^^[0m [0m[33mUnused 'use' of alias 'url'. Consider removing it[0m
  [0m[34m│[0m
  [0m[34m=[0m This warning can be suppressed with '#[allow(unused_use)]' applied to the 'module' or module member ('const', 'fun', or 'struct')

[0m[1m[38;5;11mwarning[W04037][0m[1m: deprecated usage[0m
  [0m[34m┌─[0m ./sources/mock_new_token.move:8:42
  [0m[34m│[0m
[0m[34m8[0m [0m[34m│[0m         let (treasury, metadata) = coin::[0m[33mcreate_currency[0m(
  [0m[34m│[0m                                          [0m[33m^^^^^^^^^^^^^^^[0m [0m[33mThe function 'sui::coin::create_currency' is deprecated: Use `coin_registry::new_currency_with_otw` instead[0m
  [0m[34m│[0m
  [0m[34m=[0m This warning can be suppressed with '#[allow(deprecated_usage)]' applied to the 'module' or module member ('const', 'fun', or 'struct')

[0m[1m[38;5;11mwarning[W09001][0m[1m: unused alias[0m
  [0m[34m┌─[0m ./tests/migrate_happy_path.move:6:19
  [0m[34m│[0m
[0m[34m6[0m [0m[34m│[0m     use sui::sui::[0m[33mSUI[0m;
  [0m[34m│[0m                   [0m[33m^^^[0m [0m[33mUnused 'use' of alias 'SUI'. Consider removing it[0m
  [0m[34m│[0m
  [0m[34m=[0m This warning can be suppressed with '#[allow(unused_use)]' applied to the 'module' or module member ('const', 'fun', or 'struct')

[0m[1m[38;5;9merror[E03002][0m[1m: unbound module[0m
  [0m[34m┌─[0m ./tests/migrate_happy_path.move:8:9
  [0m[34m│[0m
[0m[34m8[0m [0m[34m│[0m     use [0m[31mmigrate_fun_sui::migration_project[0m::{Self, MigrationProject, AdminCap};
  [0m[34m│[0m         [0m[31m^^^^^^^^^^^^^^^^^^^^^^^^^^^^^^^^^^[0m [0m[31mInvalid 'use'. Unbound module: 'migrate_fun_sui::migration_project'[0m

[0m[1m[38;5;9merror[E03002][0m[1m: unbound module[0m
  [0m[34m┌─[0m ./tests/migrate_happy_path.move:9:9
  [0m[34m│[0m
[0m[34m9[0m [0m[34m│[0m     use [0m[31mmigrate_fun_sui::mft_receipt[0m::{Self, MftTreasury};
  [0m[34m│[0m         [0m[31m^^^^^^^^^^^^^^^^^^^^^^^^^^^^[0m [0m[31mInvalid 'use'. Unbound module: 'migrate_fun_sui::mft_receipt'[0m

[0m[1m[38;5;9merror[E03002][0m[1m: unbound module[0m
   [0m[34m┌─[0m ./tests/migrate_happy_path.move:10:9
   [0m[34m│[0m
[0m[34m10[0m [0m[34m│[0m     use [0m[31mmigrate_fun_sui::user_migration[0m::{Self, UserMigration};
   [0m[34m│[0m         [0m[31m^^^^^^^^^^^^^^^^^^^^^^^^^^^^^^^[0m [0m[31mInvalid 'use'. Unbound module: 'migrate_fun_sui::user_migration'[0m

[0m[1m[38;5;9merror[E03002][0m[1m: unbound module[0m
   [0m[34m┌─[0m ./tests/migrate_happy_path.move:11:9
   [0m[34m│[0m
[0m[34m11[0m [0m[34m│[0m     use [0m[31mmigrate_fun_sui::claim_with_mft[0m;
   [0m[34m│[0m         [0m[31m^^^^^^^^^^^^^^^^^^^^^^^^^^^^^^^[0m [0m[31mInvalid 'use'. Unbound module: 'migrate_fun_sui::claim_with_mft'[0m

[0m[1m[38;5;9merror[E03002][0m[1m: unbound module[0m
   [0m[34m┌─[0m ./tests/migrate_happy_path.move:12:9
   [0m[34m│[0m
[0m[34m12[0m [0m[34m│[0m     use [0m[31mmigrate_fun_sui::migration_vault[0m::{Self};
   [0m[34m│[0m         [0m[31m^^^^^^^^^^^^^^^^^^^^^^^^^^^^^^^^[0m [0m[31mInvalid 'use'. Unbound module: 'migrate_fun_sui::migration_vault'[0m

[0m[1m[38;5;9merror[E03002][0m[1m: unbound module[0m
   [0m[34m┌─[0m ./tests/migrate_happy_path.move:13:9
   [0m[34m│[0m
[0m[34m13[0m [0m[34m│[0m     use [0m[31mmigrate_fun_sui::admin_controls[0m;
   [0m[34m│[0m         [0m[31m^^^^^^^^^^^^^^^^^^^^^^^^^^^^^^^[0m [0m[31mInvalid 'use'. Unbound module: 'migrate_fun_sui::admin_controls'[0m

[0m[1m[38;5;11mwarning[W09002][0m[1m: unused variable[0m
   [0m[34m┌─[0m ./tests/migrate_happy_path.move:31:25
   [0m[34m│[0m
[0m[34m31[0m [0m[34m│[0m         let (mut clock, [0m[33mproject_id[0m) = setup(&mut scenario);
   [0m[34m│[0m                         [0m[33m^^^^^^^^^^[0m [0m[33mUnused local variable 'project_id'. Consider removing or prefixing with an underscore: '_project_id'[0m
   [0m[34m│[0m
   [0m[34m=[0m This warning can be suppressed with '#[allow(unused_variable)]' applied to the 'module' or module member ('const', 'fun', or 'struct')

[0m[1m[38;5;9merror[E03004][0m[1m: unbound type[0m
   [0m[34m┌─[0m ./tests/migrate_happy_path.move:36:59
   [0m[34m│[0m
[0m[34m36[0m [0m[34m│[0m              let mut project = test_scenario::take_shared<[0m[31mMigrationProject[0m<OLD, NEW>>(&scenario);
   [0m[34m│[0m                                                           [0m[31m^^^^^^^^^^^^^^^^[0m [0m[31mUnbound type 'MigrationProject' in current scope[0m

[0m[1m[38;5;11mwarning[W09002][0m[1m: unused variable[0m
   [0m[34m┌─[0m ./tests/migrate_happy_path.move:42:18
   [0m[34m│[0m
[0m[34m42[0m [0m[34m│[0m              let [0m[33mold_tokens[0m = coin::mint_for_testing<OLD>(1000, test_scenario::ctx(&mut scenario));
   [0m[34m│[0m                  [0m[33m^^^^^^^^^^[0m [0m[33mUnused local variable 'old_tokens'. Consider removing or prefixing with an underscore: '_old_tokens'[0m
   [0m[34m│[0m
   [0m[34m=[0m This warning can be suppressed with '#[allow(unused_variable)]' applied to the 'module' or module member ('const', 'fun', or 'struct')

[0m[1m[38;5;9merror[E03006][0m[1m: unexpected name in this position[0m
   [0m[34m┌─[0m ./tests/migrate_happy_path.move:44:29
   [0m[34m│[0m
[0m[34m44[0m [0m[34m│[0m              let user_mig = [0m[31mmigration_project[0m::migrate(
   [0m[34m│[0m                             [0m[31m^^^^^^^^^^^^^^^^^[0m [0m[31mCould not resolve the name 'migration_project'[0m

[0m[1m[38;5;9merror[E03006][0m[1m: unexpected name in this position[0m
   [0m[34m┌─[0m ./tests/migrate_happy_path.move:52:22
   [0m[34m│[0m
[0m[34m52[0m [0m[34m│[0m              assert!([0m[31muser_migration[0m::amount_migrated(&user_mig) == 1000, 0);
   [0m[34m│[0m                      [0m[31m^^^^^^^^^^^^^^[0m [0m[31mCould not resolve the name 'user_migration'[0m

[0m[1m[38;5;9merror[E03002][0m[1m: unbound module[0m
   [0m[34m┌─[0m ./tests/migrate_happy_path.move:61:65
   [0m[34m│[0m
[0m[34m61[0m [0m[34m│[0m             let mft_coin = test_scenario::take_from_sender<Coin<[0m[31mmigrate_fun_sui::mft_receipt[0m::MFT_RECEIPT>>(&scenario);
   [0m[34m│[0m                                                                 [0m[31m^^^^^^^^^^^^^^^^^^^^^^^^^^^^[0m [0m[31mUnbound module 'migrate_fun_sui::mft_receipt'[0m

[0m[1m[38;5;9merror[E03004][0m[1m: unbound type[0m
   [0m[34m┌─[0m ./tests/migrate_happy_path.move:69:58
   [0m[34m│[0m
[0m[34m69[0m [0m[34m│[0m             let mut project = test_scenario::take_shared<[0m[31mMigrationProject[0m<OLD, NEW>>(&scenario);
   [0m[34m│[0m                                                          [0m[31m^^^^^^^^^^^^^^^^[0m [0m[31mUnbound type 'MigrationProject' in current scope[0m

[0m[1m[38;5;9merror[E03004][0m[1m: unbound type[0m
   [0m[34m┌─[0m ./tests/migrate_happy_path.move:70:55
   [0m[34m│[0m
[0m[34m70[0m [0m[34m│[0m             let cap = test_scenario::take_from_sender<[0m[31mAdminCap[0m>(&scenario);
   [0m[34m│[0m                                                       [0m[31m^^^^^^^^[0m [0m[31mUnbound type 'AdminCap' in current scope[0m

[0m[1m[38;5;11mwarning[W09002][0m[1m: unused variable[0m
   [0m[34m┌─[0m ./tests/migrate_happy_path.move:73:17
   [0m[34m│[0m
[0m[34m73[0m [0m[34m│[0m             let [0m[33mnew_tokens[0m = coin::mint_for_testing<NEW>(2000, test_scenario::ctx(&mut scenario));
   [0m[34m│[0m                 [0m[33m^^^^^^^^^^[0m [0m[33mUnused local variable 'new_tokens'. Consider removing or prefixing with an underscore: '_new_tokens'[0m
   [0m[34m│[0m
   [0m[34m=[0m This warning can be suppressed with '#[allow(unused_variable)]' applied to the 'module' or module member ('const', 'fun', or 'struct')

[0m[1m[38;5;9merror[E03006][0m[1m: unexpected name in this position[0m
   [0m[34m┌─[0m ./tests/migrate_happy_path.move:76:13
   [0m[34m│[0m
[0m[34m76[0m [0m[34m│[0m             [0m[31madmin_controls[0m::deposit_new_tokens(&mut project, &cap, new_tokens);
   [0m[34m│[0m             [0m[31m^^^^^^^^^^^^^^[0m [0m[31mCould not resolve the name 'admin_controls'[0m

[0m[1m[38;5;9merror[E03004][0m[1m: unbound type[0m
   [0m[34m┌─[0m ./tests/migrate_happy_path.move:85:59
   [0m[34m│[0m
[0m[34m85[0m [0m[34m│[0m              let mut project = test_scenario::take_shared<[0m[31mMigrationProject[0m<OLD, NEW>>(&scenario);
   [0m[34m│[0m                                                           [0m[31m^^^^^^^^^^^^^^^^[0m [0m[31mUnbound type 'MigrationProject' in current scope[0m

[0m[1m[38;5;9merror[E03004][0m[1m: unbound type[0m
   [0m[34m┌─[0m ./tests/migrate_happy_path.move:86:65
   [0m[34m│[0m
[0m[34m86[0m [0m[34m│[0m              let mut user_mig = test_scenario::take_from_sender<[0m[31mUserMigration[0m>(&scenario);
   [0m[34m│[0m                                                                 [0m[31m^^^^^^^^^^^^^[0m [0m[31mUnbound type 'UserMigration' in current scope[0m

[0m[1m[38;5;11mwarning[W09002][0m[1m: unused variable[0m
   [0m[34m┌─[0m ./tests/migrate_happy_path.move:87:18
   [0m[34m│[0m
[0m[34m87[0m [0m[34m│[0m              let [0m[33mmft_coin[0m = test_scenario::take_from_sender<Coin<migrate_fun_sui::mft_receipt::MFT_RECEIPT>>(&scenario);
   [0m[34m│[0m                  [0m[33m^^^^^^^^[0m [0m[33mUnused local variable 'mft_coin'. Consider removing or prefixing with an underscore: '_mft_coin'[0m
   [0m[34m│[0m
   [0m[34m=[0m This warning can be suppressed with '#[allow(unused_variable)]' applied to the 'module' or module member ('const', 'fun', or 'struct')

[0m[1m[38;5;9merror[E03002][0m[1m: unbound module[0m
   [0m[34m┌─[0m ./tests/migrate_happy_path.move:87:66
   [0m[34m│[0m
[0m[34m87[0m [0m[34m│[0m              let mft_coin = test_scenario::take_from_sender<Coin<[0m[31mmigrate_fun_sui::mft_receipt[0m::MFT_RECEIPT>>(&scenario);
   [0m[34m│[0m                                                                  [0m[31m^^^^^^^^^^^^^^^^^^^^^^^^^^^^[0m [0m[31mUnbound module 'migrate_fun_sui::mft_receipt'[0m

[0m[1m[38;5;9merror[E03006][0m[1m: unexpected name in this position[0m
   [0m[34m┌─[0m ./tests/migrate_happy_path.move:93:29
   [0m[34m│[0m
[0m[34m93[0m [0m[34m│[0m              let new_coin = [0m[31mclaim_with_mft[0m::claim(
   [0m[34m│[0m                             [0m[31m^^^^^^^^^^^^^^[0m [0m[31mCould not resolve the name 'claim_with_mft'[0m

[0m[1m[38;5;9merror[E04010][0m[1m: cannot infer type[0m
    [0m[34m┌─[0m ./tests/migrate_happy_path.move:101:22
    [0m[34m│[0m
[0m[34m101[0m [0m[34m│[0m              assert!([0m[31mcoin::value(&new_coin)[0m == 2000, 2);
    [0m[34m│[0m                      [0m[31m^^^^^^^^^^^^^^^^^^^^^^[0m [0m[31mCould not infer this type. Try adding an annotation[0m

[0m[1m[38;5;9merror[E03006][0m[1m: unexpected name in this position[0m
    [0m[34m┌─[0m ./tests/migrate_happy_path.move:102:22
    [0m[34m│[0m
[0m[34m102[0m [0m[34m│[0m              assert!([0m[31muser_migration[0m::amount_claimed(&user_mig) == 2000, 3);
    [0m[34m│[0m                      [0m[31m^^^^^^^^^^^^^^[0m [0m[31mCould not resolve the name 'user_migration'[0m

[0m[1m[38;5;9merror[E03006][0m[1m: unexpected name in this position[0m
    [0m[34m┌─[0m ./tests/migrate_happy_path.move:118:9
    [0m[34m│[0m
[0m[34m118[0m [0m[34m│[0m         [0m[31mmft_receipt[0m::init_for_testing(ctx);
    [0m[34m│[0m         [0m[31m^^^^^^^^^^^[0m [0m[31mCould not resolve the name 'mft_receipt'[0m

[0m[1m[38;5;11mwarning[W09002][0m[1m: unused variable[0m
    [0m[34m┌─[0m ./tests/migrate_happy_path.move:121:13
    [0m[34m│[0m
[0m[34m121[0m [0m[34m│[0m         let [0m[33mtreasury[0m = test_scenario::take_from_sender<MftTreasury>(scenario);
    [0m[34m│[0m             [0m[33m^^^^^^^^[0m [0m[33mUnused local variable 'treasury'. Consider removing or prefixing with an underscore: '_treasury'[0m
    [0m[34m│[0m
    [0m[34m=[0m This warning can be suppressed with '#[allow(unused_variable)]' applied to the 'module' or module member ('const', 'fun', or 'struct')

[0m[1m[38;5;9merror[E03004][0m[1m: unbound type[0m
    [0m[34m┌─[0m ./tests/migrate_happy_path.move:121:56
    [0m[34m│[0m
[0m[34m121[0m [0m[34m│[0m         let treasury = test_scenario::take_from_sender<[0m[31mMftTreasury[0m>(scenario);
    [0m[34m│[0m                                                        [0m[31m^^^^^^^^^^^[0m [0m[31mUnbound type 'MftTreasury' in current scope[0m

[0m[1m[38;5;9merror[E03006][0m[1m: unexpected name in this position[0m
    [0m[34m┌─[0m ./tests/migrate_happy_path.move:124:9
    [0m[34m│[0m
[0m[34m124[0m [0m[34m│[0m         [0m[31mmigration_project[0m::create_project<OLD, NEW>(
    [0m[34m│[0m         [0m[31m^^^^^^^^^^^^^^^^^[0m [0m[31mCould not resolve the name 'migration_project'[0m

[0m[1m[38;5;9merror[E03004][0m[1m: unbound type[0m
    [0m[34m┌─[0m ./tests/migrate_happy_path.move:134:50
    [0m[34m│[0m
[0m[34m134[0m [0m[34m│[0m         let project = test_scenario::take_shared<[0m[31mMigrationProject[0m<OLD, NEW>>(scenario);
    [0m[34m│[0m                                                  [0m[31m^^^^^^^^^^^^^^^^[0m [0m[31mUnbound type 'MigrationProject' in current scope[0m

[0m[1m[38;5;11mwarning[W02021][0m[1m: duplicate alias[0m
  [0m[34m┌─[0m ./sources/migration.move:2:23
  [0m[34m│[0m
[0m[34m2[0m [0m[34m│[0m     use sui::object::{[0m[33mSelf[0m, UID};
  [0m[34m│[0m                       [0m[33m^^^^[0m [0m[33mUnnecessary alias 'object' for module 'sui::object'. This alias is provided by default[0m
  [0m[34m│[0m
  [0m[34m=[0m This warning can be suppressed with '#[allow(duplicate_alias)]' applied to the 'module' or module member ('const', 'fun', or 'struct')

[0m[1m[38;5;11mwarning[W02021][0m[1m: duplicate alias[0m
  [0m[34m┌─[0m ./sources/migration.move:2:29
  [0m[34m│[0m
[0m[34m2[0m [0m[34m│[0m     use sui::object::{Self, [0m[33mUID[0m};
  [0m[34m│[0m                             [0m[33m^^^[0m [0m[33mUnnecessary alias 'UID' for module member 'sui::object::UID'. This alias is provided by default[0m
  [0m[34m│[0m
  [0m[34m=[0m This warning can be suppressed with '#[allow(duplicate_alias)]' applied to the 'module' or module member ('const', 'fun', or 'struct')

[0m[1m[38;5;11mwarning[W02021][0m[1m: duplicate alias[0m
  [0m[34m┌─[0m ./sources/migration.move:3:27
  [0m[34m│[0m
[0m[34m3[0m [0m[34m│[0m     use sui::tx_context::{[0m[33mSelf[0m, TxContext};
  [0m[34m│[0m                           [0m[33m^^^^[0m [0m[33mUnnecessary alias 'tx_context' for module 'sui::tx_context'. This alias is provided by default[0m
  [0m[34m│[0m
  [0m[34m=[0m This warning can be suppressed with '#[allow(duplicate_alias)]' applied to the 'module' or module member ('const', 'fun', or 'struct')

[0m[1m[38;5;11mwarning[W02021][0m[1m: duplicate alias[0m
  [0m[34m┌─[0m ./sources/migration.move:3:33
  [0m[34m│[0m
[0m[34m3[0m [0m[34m│[0m     use sui::tx_context::{Self, [0m[33mTxContext[0m};
  [0m[34m│[0m                                 [0m[33m^^^^^^^^^[0m [0m[33mUnnecessary alias 'TxContext' for module member 'sui::tx_context::TxContext'. This alias is provided by default[0m
  [0m[34m│[0m
  [0m[34m=[0m This warning can be suppressed with '#[allow(duplicate_alias)]' applied to the 'module' or module member ('const', 'fun', or 'struct')

[0m[1m[38;5;11mwarning[W02021][0m[1m: duplicate alias[0m
  [0m[34m┌─[0m ./sources/migration.move:6:14
  [0m[34m│[0m
[0m[34m6[0m [0m[34m│[0m     use sui::[0m[33mtransfer[0m;
  [0m[34m│[0m              [0m[33m^^^^^^^^[0m [0m[33mUnnecessary alias 'transfer' for module 'sui::transfer'. This alias is provided by default[0m
  [0m[34m│[0m
  [0m[34m=[0m This warning can be suppressed with '#[allow(duplicate_alias)]' applied to the 'module' or module member ('const', 'fun', or 'struct')

[0m[1m[38;5;11mwarning[W09001][0m[1m: unused alias[0m
  [0m[34m┌─[0m ./sources/migration.move:7:14
  [0m[34m│[0m
[0m[34m7[0m [0m[34m│[0m     use sui::[0m[33mevent[0m; 
  [0m[34m│[0m              [0m[33m^^^^^[0m [0m[33mUnused 'use' of alias 'event'. Consider removing it[0m
  [0m[34m│[0m
  [0m[34m=[0m This warning can be suppressed with '#[allow(unused_use)]' applied to the 'module' or module member ('const', 'fun', or 'struct')

[0m[1m[38;5;11mwarning[Lint W99010][0m[1m: unnecessary `entry` on a `public` function[0m
   [0m[34m┌─[0m ./sources/migration.move:48:12
   [0m[34m│[0m
[0m[34m48[0m [0m[34m│[0m     public [0m[33mentry[0m fun initialize_migration<OldToken, NewToken>(
   [0m[34m│[0m            [0m[33m^^^^^[0m [0m[33m`entry` on `public` functions limits composability as it adds restrictions, e.g. the type of each return value must have `drop`. `entry` on `public` is only meaningful in niche scenarios.[0m
   [0m[34m│[0m
   [0m[34m=[0m `public` functions can be called from PTBs. `entry` can be used to allow non-`public` functions to be called from PTBs, but it adds restrictions on the usage of input arguments and on the type of return values. Unless this `public` function interacts with an intricate set of other `entry` functions, the `entry` modifier should be removed.
   [0m[34m=[0m This warning can be suppressed with '#[allow(lint(public_entry))]' applied to the 'module' or module member ('const', 'fun', or 'struct')

[0m[1m[38;5;11mwarning[W04037][0m[1m: deprecated usage[0m
   [0m[34m┌─[0m ./sources/migration.move:75:29
   [0m[34m│[0m
[0m[34m75[0m [0m[34m│[0m             std::type_name::[0m[33mget_with_original_ids[0m<OldToken>().into_string(),
   [0m[34m│[0m                             [0m[33m^^^^^^^^^^^^^^^^^^^^^[0m [0m[33mThe function 'std::type_name::get_with_original_ids' is deprecated: Renamed to `with_original_ids` for clarity.[0m
   [0m[34m│[0m
   [0m[34m=[0m This warning can be suppressed with '#[allow(deprecated_usage)]' applied to the 'module' or module member ('const', 'fun', or 'struct')

[0m[1m[38;5;11mwarning[W04037][0m[1m: deprecated usage[0m
   [0m[34m┌─[0m ./sources/migration.move:76:29
   [0m[34m│[0m
[0m[34m76[0m [0m[34m│[0m             std::type_name::[0m[33mget_with_original_ids[0m<NewToken>().into_string(),
   [0m[34m│[0m                             [0m[33m^^^^^^^^^^^^^^^^^^^^^[0m [0m[33mThe function 'std::type_name::get_with_original_ids' is deprecated: Renamed to `with_original_ids` for clarity.[0m
   [0m[34m│[0m
   [0m[34m=[0m This warning can be suppressed with '#[allow(deprecated_usage)]' applied to the 'module' or module member ('const', 'fun', or 'struct')

[0m[1m[38;5;11mwarning[Lint W99010][0m[1m: unnecessary `entry` on a `public` function[0m
   [0m[34m┌─[0m ./sources/migration.move:86:12
   [0m[34m│[0m
[0m[34m86[0m [0m[34m│[0m     public [0m[33mentry[0m fun lock_liquidity<OldToken, NewToken>(
   [0m[34m│[0m            [0m[33m^^^^^[0m [0m[33m`entry` on `public` functions limits composability as it adds restrictions, e.g. the type of each return value must have `drop`. `entry` on `public` is only meaningful in niche scenarios.[0m
   [0m[34m│[0m
   [0m[34m=[0m `public` functions can be called from PTBs. `entry` can be used to allow non-`public` functions to be called from PTBs, but it adds restrictions on the usage of input arguments and on the type of return values. Unless this `public` function interacts with an intricate set of other `entry` functions, the `entry` modifier should be removed.
   [0m[34m=[0m This warning can be suppressed with '#[allow(lint(public_entry))]' applied to the 'module' or module member ('const', 'fun', or 'struct')

[0m[1m[38;5;11mwarning[Lint W99010][0m[1m: unnecessary `entry` on a `public` function[0m
    [0m[34m┌─[0m ./sources/migration.move:110:12
    [0m[34m│[0m
[0m[34m110[0m [0m[34m│[0m     public [0m[33mentry[0m fun migrate<OldToken, NewToken>(
    [0m[34m│[0m            [0m[33m^^^^^[0m [0m[33m`entry` on `public` functions limits composability as it adds restrictions, e.g. the type of each return value must have `drop`. `entry` on `public` is only meaningful in niche scenarios.[0m
    [0m[34m│[0m
    [0m[34m=[0m `public` functions can be called from PTBs. `entry` can be used to allow non-`public` functions to be called from PTBs, but it adds restrictions on the usage of input arguments and on the type of return values. Unless this `public` function interacts with an intricate set of other `entry` functions, the `entry` modifier should be removed.
    [0m[34m=[0m This warning can be suppressed with '#[allow(lint(public_entry))]' applied to the 'module' or module member ('const', 'fun', or 'struct')

[0m[1m[38;5;11mwarning[Lint W99010][0m[1m: unnecessary `entry` on a `public` function[0m
    [0m[34m┌─[0m ./sources/migration.move:161:12
    [0m[34m│[0m
[0m[34m161[0m [0m[34m│[0m     public [0m[33mentry[0m fun finalize_migration<OldToken, NewToken>(
    [0m[34m│[0m            [0m[33m^^^^^[0m [0m[33m`entry` on `public` functions limits composability as it adds restrictions, e.g. the type of each return value must have `drop`. `entry` on `public` is only meaningful in niche scenarios.[0m
    [0m[34m│[0m
    [0m[34m=[0m `public` functions can be called from PTBs. `entry` can be used to allow non-`public` functions to be called from PTBs, but it adds restrictions on the usage of input arguments and on the type of return values. Unless this `public` function interacts with an intricate set of other `entry` functions, the `entry` modifier should be removed.
    [0m[34m=[0m This warning can be suppressed with '#[allow(lint(public_entry))]' applied to the 'module' or module member ('const', 'fun', or 'struct')

[0m[1m[38;5;11mwarning[Lint W99010][0m[1m: unnecessary `entry` on a `public` function[0m
    [0m[34m┌─[0m ./sources/migration.move:176:12
    [0m[34m│[0m
[0m[34m176[0m [0m[34m│[0m     public [0m[33mentry[0m fun create_new_pool<OldToken, NewToken>(
    [0m[34m│[0m            [0m[33m^^^^^[0m [0m[33m`entry` on `public` functions limits composability as it adds restrictions, e.g. the type of each return value must have `drop`. `entry` on `public` is only meaningful in niche scenarios.[0m
    [0m[34m│[0m
    [0m[34m=[0m `public` functions can be called from PTBs. `entry` can be used to allow non-`public` functions to be called from PTBs, but it adds restrictions on the usage of input arguments and on the type of return values. Unless this `public` function interacts with an intricate set of other `entry` functions, the `entry` modifier should be removed.
    [0m[34m=[0m This warning can be suppressed with '#[allow(lint(public_entry))]' applied to the 'module' or module member ('const', 'fun', or 'struct')

[0m[1m[38;5;11mwarning[W02021][0m[1m: duplicate alias[0m
  [0m[34m┌─[0m ./sources/events.move:2:23
  [0m[34m│[0m
[0m[34m2[0m [0m[34m│[0m     use sui::object::{[0m[33mID[0m};
  [0m[34m│[0m                       [0m[33m^^[0m [0m[33mUnnecessary alias 'ID' for module member 'sui::object::ID'. This alias is provided by default[0m
  [0m[34m│[0m
  [0m[34m=[0m This warning can be suppressed with '#[allow(duplicate_alias)]' applied to the 'module' or module member ('const', 'fun', or 'struct')

[0m[1m[38;5;11mwarning[W02021][0m[1m: duplicate alias[0m
  [0m[34m┌─[0m ./sources/snapshot.move:3:14
  [0m[34m│[0m
[0m[34m3[0m [0m[34m│[0m     use std::[0m[33mvector[0m;
  [0m[34m│[0m              [0m[33m^^^^^^[0m [0m[33mUnnecessary alias 'vector' for module 'std::vector'. This alias is provided by default[0m
  [0m[34m│[0m
  [0m[34m=[0m This warning can be suppressed with '#[allow(duplicate_alias)]' applied to the 'module' or module member ('const', 'fun', or 'struct')

[0m[1m[38;5;11mwarning[W02021][0m[1m: duplicate alias[0m
  [0m[34m┌─[0m ./sources/flowx_clmm_adapter.move:5:27
  [0m[34m│[0m
[0m[34m5[0m [0m[34m│[0m     use sui::tx_context::{[0m[33mSelf[0m, TxContext};
  [0m[34m│[0m                           [0m[33m^^^^[0m [0m[33mUnnecessary alias 'tx_context' for module 'sui::tx_context'. This alias is provided by default[0m
  [0m[34m│[0m
  [0m[34m=[0m This warning can be suppressed with '#[allow(duplicate_alias)]' applied to the 'module' or module member ('const', 'fun', or 'struct')

[0m[1m[38;5;11mwarning[W02021][0m[1m: duplicate alias[0m
  [0m[34m┌─[0m ./sources/flowx_clmm_adapter.move:5:33
  [0m[34m│[0m
[0m[34m5[0m [0m[34m│[0m     use sui::tx_context::{Self, [0m[33mTxContext[0m};
  [0m[34m│[0m                                 [0m[33m^^^^^^^^^[0m [0m[33mUnnecessary alias 'TxContext' for module member 'sui::tx_context::TxContext'. This alias is provided by default[0m
  [0m[34m│[0m
  [0m[34m=[0m This warning can be suppressed with '#[allow(duplicate_alias)]' applied to the 'module' or module member ('const', 'fun', or 'struct')

[0m[1m[38;5;11mwarning[W02021][0m[1m: duplicate alias[0m
  [0m[34m┌─[0m ./sources/flowx_clmm_adapter.move:6:14
  [0m[34m│[0m
[0m[34m6[0m [0m[34m│[0m     use sui::[0m[33mtransfer[0m;
  [0m[34m│[0m              [0m[33m^^^^^^^^[0m [0m[33mUnnecessary alias 'transfer' for module 'sui::transfer'. This alias is provided by default[0m
  [0m[34m│[0m
  [0m[34m=[0m This warning can be suppressed with '#[allow(duplicate_alias)]' applied to the 'module' or module member ('const', 'fun', or 'struct')

[0m[1m[38;5;11mwarning[W09001][0m[1m: unused alias[0m
  [0m[34m┌─[0m ./sources/mock_token.move:3:14
  [0m[34m│[0m
[0m[34m3[0m [0m[34m│[0m     use sui::[0m[33murl[0m;
  [0m[34m│[0m              [0m[33m^^^[0m [0m[33mUnused 'use' of alias 'url'. Consider removing it[0m
  [0m[34m│[0m
  [0m[34m=[0m This warning can be suppressed with '#[allow(unused_use)]' applied to the 'module' or module member ('const', 'fun', or 'struct')

[0m[1m[38;5;11mwarning[W04037][0m[1m: deprecated usage[0m
  [0m[34m┌─[0m ./sources/mock_token.move:8:42
  [0m[34m│[0m
[0m[34m8[0m [0m[34m│[0m         let (treasury, metadata) = coin::[0m[33mcreate_currency[0m(
  [0m[34m│[0m                                          [0m[33m^^^^^^^^^^^^^^^[0m [0m[33mThe function 'sui::coin::create_currency' is deprecated: Use `coin_registry::new_currency_with_otw` instead[0m
  [0m[34m│[0m
  [0m[34m=[0m This warning can be suppressed with '#[allow(deprecated_usage)]' applied to the 'module' or module member ('const', 'fun', or 'struct')

